F:\大三下\system\system\src\main\java\com\ec\pojo\ProductCategory.java
F:\大三下\system\system\src\main\java\com\ec\pojo\vo\Result.java
F:\大三下\system\system\src\main\java\com\ec\pojo\OrderItem.java
F:\大三下\system\system\src\main\java\com\ec\pojo\Order.java
F:\大三下\system\system\src\main\java\com\ec\mapper\OrderMapper.java
F:\大三下\system\system\src\main\java\com\ec\pojo\Product.java
F:\大三下\system\system\src\main\java\com\ec\mapper\PromotionMapper.java
F:\大三下\system\system\src\main\java\com\ec\service\OrderService.java
F:\大三下\system\system\src\main\java\com\ec\service\impl\ProductServiceImpl.java
F:\大三下\system\system\src\main\java\com\ec\pojo\vo\Uservo.java
F:\大三下\system\system\src\main\java\com\ec\mapper\ProductMapper.java
F:\大三下\system\system\src\main\java\com\ec\service\CartService.java
F:\大三下\system\system\src\main\java\com\ec\controller\AdminProductController.java
F:\大三下\system\system\src\main\java\com\ec\service\impl\OrderServiceImpl.java
F:\大三下\system\system\src\main\java\com\ec\pojo\ProductReviewSummary.java
F:\大三下\system\system\src\main\java\com\ec\controller\AdminController.java
F:\大三下\system\system\src\main\java\com\ec\service\impl\CatalogProductServiceImpl.java
F:\大三下\system\system\src\main\java\com\ec\mapper\ProductCategoryMapper.java
F:\大三下\system\system\src\main\java\com\ec\pojo\Cart.java
F:\大三下\system\system\src\main\java\com\ec\service\CatalogProductService.java
F:\大三下\system\system\src\main\java\com\ec\service\ProductReviewService.java
F:\大三下\system\system\src\main\java\com\ec\mapper\ProductReviewMapper.java
F:\大三下\system\system\src\main\java\com\ec\mapper\AdminMapper.java
F:\大三下\system\system\src\main\java\com\ec\pojo\vo\PageResult.java
F:\大三下\system\system\src\main\java\com\ec\controller\ProductApiController.java
F:\大三下\system\system\src\main\java\com\ec\pojo\ProductReview.java
F:\大三下\system\system\src\main\java\com\ec\service\impl\CartServiceImpl.java
F:\大三下\system\system\src\main\java\com\ec\config\PageExceptionHandler.java
F:\大三下\system\system\src\main\java\com\ec\pojo\Promotion.java
F:\大三下\system\system\src\main\java\com\ec\service\impl\ProductCategoryServiceImpl.java
F:\大三下\system\system\src\main\java\com\ec\service\PromotionService.java
F:\大三下\system\system\src\main\java\com\ec\pojo\Address.java
F:\大三下\system\system\src\main\java\com\ec\service\ProductCategoryService.java
F:\大三下\system\system\src\main\java\com\ec\mapper\AdminStatsMapper.java
F:\大三下\system\system\src\main\java\com\ec\pojo\Admin.java
F:\大三下\system\system\src\main\java\com\ec\controller\CategoryApiController.java
F:\大三下\system\system\src\main\java\com\ec\service\impl\PromotionServiceImpl.java
F:\大三下\system\system\src\main\java\com\ec\controller\OrderController.java
F:\大三下\system\system\src\main\java\com\ec\mapper\CartMapper.java
F:\大三下\system\system\src\main\java\com\ec\controller\ProductReviewController.java
F:\大三下\system\system\src\main\java\com\ec\service\Userservice.java
F:\大三下\system\system\src\main\java\com\ec\util\OrderStatusUtil.java
F:\大三下\system\system\src\main\java\com\ec\mapper\UserMapper.java
F:\大三下\system\system\src\main\java\com\ec\EcApplication.java
F:\大三下\system\system\src\main\java\com\ec\mapper\EmailverifycodeMapper.java
F:\大三下\system\system\src\main\java\com\ec\pojo\dto\Registerdto.java
F:\大三下\system\system\src\main\java\com\ec\controller\UserController.java
F:\大三下\system\system\src\main\java\com\ec\pojo\User.java
F:\大三下\system\system\src\main\java\com\ec\service\impl\ProductReviewServiceImpl.java
F:\大三下\system\system\src\main\java\com\ec\mapper\OrderItemMapper.java
F:\大三下\system\system\src\main\java\com\ec\pojo\vo\AdminDashboardVo.java
F:\大三下\system\system\src\main\java\com\ec\mapper\AddressMapper.java
F:\大三下\system\system\src\main\java\com\ec\pojo\dto\Logindto.java
F:\大三下\system\system\src\main\java\com\ec\service\ProductService.java
F:\大三下\system\system\src\main\java\com\ec\controller\Pagecontroller.java
F:\大三下\system\system\src\main\java\com\ec\service\impl\Userserviceimpl.java
F:\大三下\system\system\src\main\java\com\ec\service\AdminService.java
